text_1m_10cycles completed 39.7 MiB
text_1m_30cycles completed 40.1 MiB
text_1m_60cycles completed 40.2 MiB
text_2m_10cycles completed 43.7 MiB
text_2m_30cycles completed 44.1 MiB
text_2m_60cycles completed 44.3 MiB
text_no_context completed 44.2 MiB
same_text_reference completed 40.0 MiB
context_only_overwrite completed 44.3 MiB
growing_prompt_single completed 71.1 MiB
growing_prompt_5_invocations completed 223.2 MiB
context_only_append completed 220.3 MiB
text_3_invocations completed 54.1 MiB
text_5_invocations completed 62.4 MiB
text_5_invocations_512_limit completed 62.3 MiB
text_5_invocations_1g_limit completed 62.1 MiB
rows_forward completed 92.2 MiB
rows_strip_input completed 72.5 MiB
map4_rows_single completed 112.2 MiB
map4_rows_3_invocations_one_cycle completed 257.3 MiB
map4_rows_3_invocations completed 257.3 MiB
map8_rows_5_invocations rss_guard_stopped 449.6 MiB
mixed_3_invocations_one_cycle completed 263.3 MiB
mixed_3_invocations_512_limit completed 269.2 MiB
mixed_5_invocations_1g_limit completed 415.7 MiB
sequential_new_sessions completed 44.3 MiB
sequential_reused_session completed 41.0 MiB
trace_text_unload completed 44.4 MiB
trace_context_overwrite completed 44.4 MiB
trace_close_only completed 44.6 MiB
trace_map_rows completed 135.0 MiB
