registered revision: order-processing-demo:48a67c1ccfc0a605e85d2ef546e6a56a19dd93d24e77f28ca3e77835d243ce06

[source reached Wait] status=waiting
ref=session_id='core-api-demo-session' invocation_id='9ca2829f-42c9-4b6a-8ed9-276cf5a63c16' workflow_id='order-processing-demo' workflow_revision_id='order-processing-demo:48a67c1ccfc0a605e85d2ef546e6a56a19dd93d24e77f28ca3e77835d243ce06'
output=None
error=None
waits=(InvocationWait(id='0430c69d-cabf-4597-a669-050b0ca21aa5', request={'order_id': 'order-42', 'amount': 600, 'question': 'Approve this order?'}),)

saved checkpoint to /home/chengqian/projects/AutoAgent/artifacts/core_performance_fixes/examples/approved_recovery_child/parent_checkpoint.json

loaded root: session_id='core-api-demo-session' invocation_id='9ca2829f-42c9-4b6a-8ed9-276cf5a63c16' workflow_id='order-processing-demo' workflow_revision_id='order-processing-demo:48a67c1ccfc0a605e85d2ef546e6a56a19dd93d24e77f28ca3e77835d243ce06'

[recovered Wait] status=waiting
ref=session_id='core-api-demo-session' invocation_id='9ca2829f-42c9-4b6a-8ed9-276cf5a63c16' workflow_id='order-processing-demo' workflow_revision_id='order-processing-demo:48a67c1ccfc0a605e85d2ef546e6a56a19dd93d24e77f28ca3e77835d243ce06'
output=None
error=None
waits=(InvocationWait(id='0430c69d-cabf-4597-a669-050b0ca21aa5', request={'amount': 600, 'order_id': 'order-42', 'question': 'Approve this order?'}),)
resume update: order.decided

[parent completed] status=completed
ref=session_id='core-api-demo-session' invocation_id='9ca2829f-42c9-4b6a-8ed9-276cf5a63c16' workflow_id='order-processing-demo' workflow_revision_id='order-processing-demo:48a67c1ccfc0a605e85d2ef546e6a56a19dd93d24e77f28ca3e77835d243ce06'
output={'spawn_audit': {'session_id': '6a73bfeb-ae49-4fb6-8907-eb67bd427ef2', 'invocation_id': 'f78949f7-1baa-4af9-9db3-bec7fb0e6649', 'workflow_id': 'audit-order', 'workflow_revision_id': 'audit-order:6477982fac5d64273e6046ee5630724ce72d5ff0ccd94cce0a00d6fb5bb4d2ad'}}
error=None
waits=()

spawned child ref: session_id='6a73bfeb-ae49-4fb6-8907-eb67bd427ef2' invocation_id='f78949f7-1baa-4af9-9db3-bec7fb0e6649' workflow_id='audit-order' workflow_revision_id='audit-order:6477982fac5d64273e6046ee5630724ce72d5ff0ccd94cce0a00d6fb5bb4d2ad'

[spawned audit child] status=completed
ref=session_id='6a73bfeb-ae49-4fb6-8907-eb67bd427ef2' invocation_id='f78949f7-1baa-4af9-9db3-bec7fb0e6649' workflow_id='audit-order' workflow_revision_id='audit-order:6477982fac5d64273e6046ee5630724ce72d5ff0ccd94cce0a00d6fb5bb4d2ad'
output={'order_id': 'order-42', 'stored': True}
error=None
waits=()

saved checkpoint to /home/chengqian/projects/AutoAgent/artifacts/core_performance_fixes/examples/approved_recovery_child/child_checkpoint.json
[approval_rejected] completed: {'approval_rejected': {'order_id': 'approval_rejected', 'approved': False, 'summary': 'approval was rejected'}}
[manual_review] completed: {'manual_review': {'order_id': 'manual_review', 'approved': False, 'summary': 'manual review required: risk=False, inventory=True'}}
{
  "approved_recovery_child": {
    "events": 44,
    "sessions": {
      "core-api-demo-session": 37,
      "6a73bfeb-ae49-4fb6-8907-eb67bd427ef2": 7
    },
    "event_types": {
      "session.opened": 2,
      "invocation.started": 2,
      "node_occurrence.started": 7,
      "operator_call.started": 5,
      "operator_call.completed": 5,
      "output.bound": 1,
      "node_occurrence.completed": 7,
      "input.mapped": 5,
      "node_occurrence.waiting": 1,
      "wait.resumed": 1,
      "routing.resolved": 2,
      "child_invocation.planned": 1,
      "child_invocation.phase_changed": 3,
      "invocation.completed": 2
    },
    "all_prefixes_valid": true,
    "all_records_roundtrip": true,
    "checkpoint_checks": [
      {
        "session_id": "core-api-demo-session",
        "sequence": 10,
        "checkpoint_equals_replay": true
      },
      {
        "session_id": "6a73bfeb-ae49-4fb6-8907-eb67bd427ef2",
        "sequence": 7,
        "checkpoint_equals_replay": true
      },
      {
        "session_id": "core-api-demo-session",
        "sequence": 37,
        "checkpoint_equals_replay": true
      }
    ]
  },
  "approval_rejected": {
    "events": 19,
    "sessions": {
      "approval_rejected": 19
    },
    "event_types": {
      "session.opened": 1,
      "invocation.started": 1,
      "node_occurrence.started": 3,
      "operator_call.started": 2,
      "operator_call.completed": 2,
      "output.bound": 1,
      "node_occurrence.completed": 3,
      "input.mapped": 2,
      "node_occurrence.waiting": 1,
      "wait.resumed": 1,
      "routing.resolved": 1,
      "invocation.completed": 1
    },
    "all_prefixes_valid": true,
    "all_records_roundtrip": true,
    "checkpoint_checks": [
      {
        "session_id": "approval_rejected",
        "sequence": 19,
        "checkpoint_equals_replay": true
      }
    ]
  },
  "manual_review": {
    "events": 34,
    "sessions": {
      "manual_review": 34
    },
    "event_types": {
      "session.opened": 1,
      "invocation.started": 1,
      "node_occurrence.started": 6,
      "operator_call.started": 5,
      "operator_call.completed": 5,
      "output.bound": 1,
      "node_occurrence.completed": 6,
      "input.mapped": 4,
      "node_occurrence.waiting": 1,
      "wait.resumed": 1,
      "routing.resolved": 2,
      "invocation.completed": 1
    },
    "all_prefixes_valid": true,
    "all_records_roundtrip": true,
    "checkpoint_checks": [
      {
        "session_id": "manual_review",
        "sequence": 34,
        "checkpoint_equals_replay": true
      }
    ]
  }
}
