text_1m_10cycles completed 39.5 MiB
text_1m_30cycles completed 40.4 MiB
text_1m_60cycles completed 39.9 MiB
text_2m_10cycles completed 43.8 MiB
text_2m_30cycles completed 43.7 MiB
text_2m_60cycles completed 44.6 MiB
text_no_context completed 43.8 MiB
same_text_reference completed 40.1 MiB
context_only_overwrite completed 43.9 MiB
growing_prompt_single completed 67.3 MiB
growing_prompt_5_invocations completed 210.9 MiB
context_only_append completed 216.4 MiB
text_3_invocations completed 53.9 MiB
text_5_invocations completed 62.0 MiB
text_5_invocations_512_limit completed 62.1 MiB
text_5_invocations_1g_limit completed 62.3 MiB
rows_forward completed 105.5 MiB
rows_strip_input completed 86.4 MiB
map4_rows_single completed 137.9 MiB
map4_rows_3_invocations_one_cycle completed 334.9 MiB
map4_rows_3_invocations completed 335.4 MiB
map8_rows_5_invocations rss_guard_stopped 449.4 MiB
mixed_3_invocations_one_cycle completed 341.3 MiB
mixed_3_invocations_512_limit completed 342.1 MiB
mixed_5_invocations_1g_limit completed 510.5 MiB
sequential_new_sessions completed 43.6 MiB
sequential_reused_session completed 40.7 MiB
trace_text_unload completed 44.7 MiB
trace_context_overwrite completed 44.4 MiB
trace_close_only completed 44.3 MiB
trace_map_rows completed 157.8 MiB
